$ pytest -v tests/
====================================================================================== test session starts =======================================================================================
platform darwin -- Python 3.13.2, pytest-8.3.5, pluggy-1.5.0 -- /usr/local/opt/python@3.13/bin/python3.13
cachedir: .pytest_cache
rootdir: /Users/emvaldes/.repos/devops/workflows
collected 36 items

tests/appflow_tracer/tracing/file_utils/test_file_utils.py::test_is_project_file PASSED                                                                                                    [  2%]
tests/appflow_tracer/tracing/file_utils/test_file_utils.py::test_manage_logfiles PASSED                                                                                                    [  5%]
tests/appflow_tracer/tracing/file_utils/test_file_utils.py::test_relative_path PASSED                                                                                                      [  8%]
tests/appflow_tracer/tracing/file_utils/test_file_utils.py::test_remove_ansi_escape_codes PASSED                                                                                           [ 11%]
tests/appflow_tracer/tracing/log_utils/test_log_utils.py::test_log_message PASSED                                                                                                          [ 13%]
tests/appflow_tracer/tracing/log_utils/test_log_utils.py::test_output_logfile PASSED                                                                                                       [ 16%]
tests/appflow_tracer/tracing/log_utils/test_log_utils.py::test_output_console[True-{"alert":"true"}-True] PASSED                                                                           [ 19%]
tests/appflow_tracer/tracing/log_utils/test_log_utils.py::test_output_console[False-{\n    "alert": "true"\n}-True] PASSED                                                                 [ 22%]
tests/appflow_tracer/tracing/log_utils/test_log_utils.py::test_output_console[None-None-False] PASSED                                                                                      [ 25%]
tests/appflow_tracer/tracing/serialize_utils/test_serialize_utils.py::test_safe_serialize PASSED                                                                                           [ 27%]
tests/appflow_tracer/tracing/serialize_utils/test_serialize_utils.py::test_sanitize_token_string PASSED                                                                                    [ 30%]
tests/appflow_tracer/tracing/test_tracing.py::test_setup_logging PASSED                                                                                                                    [ 33%]
tests/appflow_tracer/tracing/test_tracing.py::test_print_capture PASSED                                                                                                                    [ 36%]
tests/appflow_tracer/tracing/test_tracing.py::test_ansi_file_handler PASSED                                                                                                                [ 38%]
tests/appflow_tracer/tracing/trace_utils/test_trace_utils.py::test_start_tracing PASSED                                                                                                    [ 41%]
tests/appflow_tracer/tracing/trace_utils/test_trace_utils.py::test_start_tracing_disabled PASSED                                                                                           [ 44%]
tests/appflow_tracer/tracing/trace_utils/test_trace_utils.py::test_trace_all PASSED                                                                                                        [ 47%]
tests/appflow_tracer/tracing/trace_utils/test_trace_utils.py::test_call_events PASSED                                                                                                      [ 50%]
tests/appflow_tracer/tracing/trace_utils/test_trace_utils.py::test_return_events PASSED                                                                                                    [ 52%]
tests/requirements/dependencies/test_dependencies.py::test_debug_installation[requests-2.28.1] PASSED                                                                                      [ 55%]
tests/requirements/dependencies/test_dependencies.py::test_debug_installation[nonexistent-package-None] PASSED                                                                             [ 58%]
tests/requirements/dependencies/test_dependencies.py::test_load_requirements_invalid_json PASSED                                                                                           [ 61%]
tests/requirements/dependencies/test_dependencies.py::test_load_requirements_missing PASSED                                                                                                [ 63%]
tests/requirements/dependencies/test_dependencies.py::test_load_requirements_valid PASSED                                                                                                  [ 66%]
tests/requirements/dependencies/test_dependencies.py::test_install_or_update_package PASSED                                                                                                [ 69%]
tests/requirements/dependencies/test_dependencies.py::test_install_requirements PASSED                                                                                                     [ 72%]
tests/requirements/dependencies/test_dependencies.py::test_is_package_installed PASSED                                                                                                     [ 75%]
tests/requirements/dependencies/test_dependencies.py::test_parse_arguments_custom PASSED                                                                                                   [ 77%]
tests/requirements/dependencies/test_dependencies.py::test_parse_arguments_default PASSED                                                                                                  [ 80%]
tests/requirements/dependencies/test_dependencies.py::test_print_installed_packages PASSED                                                                                                 [ 83%]
tests/requirements/dependencies/test_dependencies.py::test_update_installed_packages PASSED                                                                                                [ 86%]
tests/test_run.py::test_create_doc_structure PASSED                                                                                                                                        [ 88%]
tests/test_run.py::test_generate_pydoc PASSED                                                                                                                                              [ 91%]
tests/test_run.py::test_scan_and_generate_docs PASSED                                                                                                                                      [ 94%]
tests/test_run.py::test_parse_arguments PASSED                                                                                                                                             [ 97%]
tests/test_run.py::test_main PASSED                                                                                                                                                        [100%]

====================================================================================== 36 passed in 20.91s =======================================================================================
